============================= test session starts ==============================
platform linux -- Python 3.12.12, pytest-8.3.3, pluggy-1.6.0
rootdir: /app
configfile: pyproject.toml
plugins: anyio-4.11.0
collected 5 items

services/orchestrator/tests/test_api_endpoints.py ....F                  [100%]

=================================== FAILURES ===================================
_______________ test_clear_jobs_endpoint_removes_completed_jobs ________________

test_app = (<starlette.testclient.TestClient object at 0x7fa4f492faa0>, <module 'app.main' from '/app/services/orchestrator/app/main.py'>)
tmp_path = PosixPath('/tmp/pytest-of-jules/pytest-11/test_clear_jobs_endpoint_remov0')

    def test_clear_jobs_endpoint_removes_completed_jobs(test_app, tmp_path):
        client, main = test_app
        import app.jobs as jobs_module

        profile_id = _first_profile_id(client)
        profile_name = _first_profile_name(client)

        media_root = tmp_path / "clear"
        media_root.mkdir()
        library_payload = {
            "name": "clear-lib",
            "root": str(media_root),
            "profile_id": profile_id,
        }
        assert client.post("/api/libraries", json=library_payload).status_code == 201

        source = media_root / "sample.mkv"
        source.write_bytes(b"data")

        job = asyncio.run(
            main.job_manager.add_job(
                str(source),
                "clear-lib",
                profile_name,
                profile_id=profile_id,
                encoding=main.encoding_payload(profile_id),
            )
        )

        asyncio.run(
            main.job_manager.update_job(
                job.id,
                jobs_module.JobStatusUpdate(status=jobs_module.JobStatus.COMPLETED, progress=100),
            )
        )

        response = client.post("/api/jobs/clear")
        assert response.status_code == 200
>       assert response.json()["removed"] >= 1
E       assert 0 >= 1

services/orchestrator/tests/test_api_endpoints.py:248: AssertionError
---------------------------- Captured stdout setup -----------------------------
DEBUG: LIBRARY_DB_PATH resolved to /tmp/pytest-of-jules/pytest-11/test_clear_jobs_endpoint_remov0/library.db
---------------------------- Captured stderr setup -----------------------------
2025-11-27 22:08:30,223 INFO [orchestrator.library] Library entry store initialized at /tmp/pytest-of-jules/pytest-11/test_clear_jobs_endpoint_remov0/library.db
2025-11-27 22:08:30,235 INFO [orchestrator.config] Seeding configuration database from template /tmp/pytest-of-jules/pytest-11/test_clear_jobs_endpoint_remov0/settings.yaml.template
2025-11-27 22:08:30,321 INFO [orchestrator.config] Seeded configuration database (revision 1764281310.317348) from /tmp/pytest-of-jules/pytest-11/test_clear_jobs_endpoint_remov0/settings.yaml.template
2025-11-27 22:08:30,337 INFO [orchestrator.profiles] Created encoding profile movies (#1)
2025-11-27 22:08:30,343 INFO [orchestrator.profiles] Created encoding profile series (#2)
2025-11-27 22:08:30,386 INFO [orchestrator.profiles] Updated encoding profile movies (#1)
2025-11-27 22:08:30,391 INFO [orchestrator.profiles] Updated encoding profile series (#2)
------------------------------ Captured log setup ------------------------------
INFO     orchestrator.library:library_entries.py:89 Library entry store initialized at /tmp/pytest-of-jules/pytest-11/test_clear_jobs_endpoint_remov0/library.db
----------------------------- Captured stderr call -----------------------------
2025-11-27 22:08:30,433 INFO [httpx] HTTP Request: GET http://testserver/api/profiles "HTTP/1.1 200 OK"
2025-11-27 22:08:30,442 INFO [httpx] HTTP Request: GET http://testserver/api/profiles "HTTP/1.1 200 OK"
2025-11-27 22:08:30,454 INFO [orchestrator.config] Updated library 'clear-lib' (root=/tmp/pytest-of-jules/pytest-11/test_clear_jobs_endpoint_remov0/clear, depth=max, profile=movies)
2025-11-27 22:08:30,460 INFO [orchestrator.core] Completed scan for clear-lib: 0 media files, queued 0, 0 already converted, 0 already tracked, 0 removed
2025-11-27 22:08:30,463 INFO [httpx] HTTP Request: POST http://testserver/api/libraries "HTTP/1.1 201 Created"
2025-11-27 22:08:30,469 INFO [app.jobs] Queued job 11471aaf for /tmp/pytest-of-jules/pytest-11/test_clear_jobs_endpoint_remov0/clear/sample.mkv (library=clear-lib, profile=movies)
2025-11-27 22:08:30,480 INFO [httpx] HTTP Request: POST http://testserver/api/jobs/clear "HTTP/1.1 200 OK"
------------------------------ Captured log call -------------------------------
DEBUG    asyncio:selector_events.py:64 Using selector: EpollSelector
INFO     httpx:_client.py:1038 HTTP Request: GET http://testserver/api/profiles "HTTP/1.1 200 OK"
DEBUG    asyncio:selector_events.py:64 Using selector: EpollSelector
INFO     httpx:_client.py:1038 HTTP Request: GET http://testserver/api/profiles "HTTP/1.1 200 OK"
DEBUG    asyncio:selector_events.py:64 Using selector: EpollSelector
INFO     orchestrator.config:config.py:549 Updated library 'clear-lib' (root=/tmp/pytest-of-jules/pytest-11/test_clear_jobs_endpoint_remov0/clear, depth=max, profile=movies)
DEBUG    orchestrator.config:config.py:503 Persisted configuration revision 1764281310.456175 to /tmp/pytest-of-jules/pytest-11/test_events_ingest_creates_ent0/config.db
INFO     orchestrator.core:core.py:313 Completed scan for clear-lib: 0 media files, queued 0, 0 already converted, 0 already tracked, 0 removed
INFO     httpx:_client.py:1038 HTTP Request: POST http://testserver/api/libraries "HTTP/1.1 201 Created"
DEBUG    asyncio:selector_events.py:64 Using selector: EpollSelector
INFO     app.jobs:jobs.py:216 Queued job 11471aaf for /tmp/pytest-of-jules/pytest-11/test_clear_jobs_endpoint_remov0/clear/sample.mkv (library=clear-lib, profile=movies)
DEBUG    asyncio:selector_events.py:64 Using selector: EpollSelector
DEBUG    app.jobs:jobs.py:312 Job 11471aaf updated: status=completed progress=100 message=None
DEBUG    asyncio:selector_events.py:64 Using selector: EpollSelector
INFO     httpx:_client.py:1038 HTTP Request: POST http://testserver/api/jobs/clear "HTTP/1.1 200 OK"
=============================== warnings summary ===============================
services/orchestrator/tests/test_api_endpoints.py::test_events_ingest_creates_entry
services/orchestrator/tests/test_api_endpoints.py::test_reprocess_endpoint_adds_job
services/orchestrator/tests/test_api_endpoints.py::test_library_add_and_delete_marks_entries
services/orchestrator/tests/test_api_endpoints.py::test_websocket_pushes_library_update
services/orchestrator/tests/test_api_endpoints.py::test_clear_jobs_endpoint_removes_completed_jobs
  /home/jules/.pyenv/versions/3.12.12/lib/python3.12/site-packages/pydantic/_internal/_config.py:291: PydanticDeprecatedSince20: Support for class-based `config` is deprecated, use ConfigDict instead. Deprecated in Pydantic V2.0 to be removed in V3.0. See Pydantic V2 Migration Guide at https://errors.pydantic.dev/2.9/migration/
    warnings.warn(DEPRECATION_MESSAGE, DeprecationWarning)

services/orchestrator/tests/test_api_endpoints.py: 12 warnings
  /home/jules/.pyenv/versions/3.12.12/lib/python3.12/site-packages/pydantic/_internal/_generate_schema.py:312: PydanticDeprecatedSince20: `json_encoders` is deprecated. See https://docs.pydantic.dev/2.9/concepts/serialization/#custom-serializers for alternatives. Deprecated in Pydantic V2.0 to be removed in V3.0. See Pydantic V2 Migration Guide at https://errors.pydantic.dev/2.9/migration/
    warnings.warn(

services/orchestrator/tests/test_api_endpoints.py: 10 warnings
  /app/services/orchestrator/app/profiles.py:161: DeprecationWarning: datetime.datetime.utcnow() is deprecated and scheduled for removal in a future version. Use timezone-aware objects to represent datetimes in UTC: datetime.datetime.now(datetime.UTC).
    now = datetime.utcnow()

services/orchestrator/tests/test_api_endpoints.py: 25 warnings
  /app/services/orchestrator/app/profiles.py:260: DeprecationWarning: datetime.datetime.utcnow() is deprecated and scheduled for removal in a future version. Use timezone-aware objects to represent datetimes in UTC: datetime.datetime.now(datetime.UTC).
    now = datetime.utcnow()

services/orchestrator/tests/test_api_endpoints.py: 10 warnings
  /app/services/orchestrator/app/main.py:172: DeprecationWarning:
          on_event is deprecated, use lifespan event handlers instead.

          Read more about it in the
          [FastAPI docs for Lifespan Events](https://fastapi.tiangolo.com/advanced/events/).

    @app.on_event("startup")

services/orchestrator/tests/test_api_endpoints.py: 10 warnings
  /home/jules/.pyenv/versions/3.12.12/lib/python3.12/site-packages/fastapi/applications.py:4495: DeprecationWarning:
          on_event is deprecated, use lifespan event handlers instead.

          Read more about it in the
          [FastAPI docs for Lifespan Events](https://fastapi.tiangolo.com/advanced/events/).

    return self.router.on_event(event_type)

services/orchestrator/tests/test_api_endpoints.py: 10 warnings
  /app/services/orchestrator/app/profiles.py:201: DeprecationWarning: datetime.datetime.utcnow() is deprecated and scheduled for removal in a future version. Use timezone-aware objects to represent datetimes in UTC: datetime.datetime.now(datetime.UTC).
    profile.updated_at = datetime.utcnow()

services/orchestrator/tests/test_api_endpoints.py::test_events_ingest_creates_entry
services/orchestrator/tests/test_api_endpoints.py::test_library_add_and_delete_marks_entries
  /app/services/orchestrator/app/library_entries.py:131: DeprecationWarning: datetime.datetime.utcnow() is deprecated and scheduled for removal in a future version. Use timezone-aware objects to represent datetimes in UTC: datetime.datetime.now(datetime.UTC).
    timestamp = datetime.utcnow()

services/orchestrator/tests/test_api_endpoints.py::test_events_ingest_creates_entry
services/orchestrator/tests/test_api_endpoints.py::test_events_ingest_creates_entry
services/orchestrator/tests/test_api_endpoints.py::test_reprocess_endpoint_adds_job
services/orchestrator/tests/test_api_endpoints.py::test_reprocess_endpoint_adds_job
services/orchestrator/tests/test_api_endpoints.py::test_library_add_and_delete_marks_entries
services/orchestrator/tests/test_api_endpoints.py::test_library_add_and_delete_marks_entries
services/orchestrator/tests/test_api_endpoints.py::test_clear_jobs_endpoint_removes_completed_jobs
services/orchestrator/tests/test_api_endpoints.py::test_clear_jobs_endpoint_removes_completed_jobs
  /home/jules/.pyenv/versions/3.12.12/lib/python3.12/site-packages/pydantic/main.py:212: DeprecationWarning: datetime.datetime.utcnow() is deprecated and scheduled for removal in a future version. Use timezone-aware objects to represent datetimes in UTC: datetime.datetime.now(datetime.UTC).
    validated_self = self.__pydantic_validator__.validate_python(data, self_instance=self)

services/orchestrator/tests/test_api_endpoints.py::test_events_ingest_creates_entry
services/orchestrator/tests/test_api_endpoints.py::test_library_add_and_delete_marks_entries
  /app/services/orchestrator/app/library_entries.py:167: DeprecationWarning: datetime.datetime.utcnow() is deprecated and scheduled for removal in a future version. Use timezone-aware objects to represent datetimes in UTC: datetime.datetime.now(datetime.UTC).
    entry.updated_at = datetime.utcnow()

services/orchestrator/tests/test_api_endpoints.py::test_events_ingest_creates_entry
services/orchestrator/tests/test_api_endpoints.py::test_library_add_and_delete_marks_entries
  /app/services/orchestrator/app/job_history.py:56: DeprecationWarning: datetime.datetime.utcnow() is deprecated and scheduled for removal in a future version. Use timezone-aware objects to represent datetimes in UTC: datetime.datetime.now(datetime.UTC).
    timestamp = datetime.utcnow()

services/orchestrator/tests/test_api_endpoints.py::test_reprocess_endpoint_adds_job
services/orchestrator/tests/test_api_endpoints.py::test_reprocess_endpoint_adds_job
services/orchestrator/tests/test_api_endpoints.py::test_library_add_and_delete_marks_entries
  /app/services/orchestrator/app/library_entries.py:182: DeprecationWarning: datetime.datetime.utcnow() is deprecated and scheduled for removal in a future version. Use timezone-aware objects to represent datetimes in UTC: datetime.datetime.now(datetime.UTC).
    entry.updated_at = datetime.utcnow()

services/orchestrator/tests/test_api_endpoints.py::test_reprocess_endpoint_adds_job
services/orchestrator/tests/test_api_endpoints.py::test_reprocess_endpoint_adds_job
  /app/services/orchestrator/app/library_entries.py:203: DeprecationWarning: datetime.datetime.utcnow() is deprecated and scheduled for removal in a future version. Use timezone-aware objects to represent datetimes in UTC: datetime.datetime.now(datetime.UTC).
    timestamp = datetime.utcnow()

services/orchestrator/tests/test_api_endpoints.py::test_clear_jobs_endpoint_removes_completed_jobs
  /app/services/orchestrator/app/jobs.py:306: DeprecationWarning: datetime.datetime.utcnow() is deprecated and scheduled for removal in a future version. Use timezone-aware objects to represent datetimes in UTC: datetime.datetime.now(datetime.UTC).
    job.updated_at = datetime.utcnow()

-- Docs: https://docs.pytest.org/en/stable/how-to/capture-warnings.html
=========================== short test summary info ============================
FAILED services/orchestrator/tests/test_api_endpoints.py::test_clear_jobs_endpoint_removes_completed_jobs
================== 1 failed, 4 passed, 102 warnings in 3.72s ===================
